// Jest Snapshot v1, https://goo.gl/fbAQLP

exports[`Footer Component renders without crashing 1`] = `ShallowWrapper {}`;
