// Jest Snapshot v1, https://goo.gl/fbAQLP

exports[`<Layout /> render layout without crashing renders without crashing 1`] = `ShallowWrapper {}`;
