// Jest Snapshot v1, https://goo.gl/fbAQLP

exports[`Navbar Component renders without crashing 1`] = `ShallowWrapper {}`;
