// Jest Snapshot v1, https://goo.gl/fbAQLP

exports[`Create Article should render without crashing 1`] = `ShallowWrapper {}`;
